2026-09-07T17:51:40.058592Z [INFO] Main - This is an info message from Main class.
2026-09-07T18:24:23.977410Z [INFO] Main - This is an info message from Main class.
2026-09-07T18:37:26.393809Z [INFO] Main - This is an info message from Main class.
{"timestamp":"2026-09-07T18:38:27.247155Z","level":"INFO","loggerName":"Main","threadName":"main","message":"This is an info message from Main class."}
{"timestamp":"2026-09-07T18:40:42.175549Z","level":"INFO","loggerName":"Main","threadName":"main","message":"This is an info message from Main class."}
{"timestamp":"2026-09-07T18:40:44.299510Z","level":"INFO","loggerName":"Main","threadName":"main","message":"This is an info message from Main class."}
{"timestamp":"2026-09-07T18:40:46.231141Z","level":"INFO","loggerName":"Main","threadName":"main","message":"This is an info message from Main class."}
{"timestamp":"2026-09-07T18:40:48.149235Z","level":"INFO","loggerName":"Main","threadName":"main","message":"This is an info message from Main class."}
{"timestamp":"2026-09-07T18:48:32.321746Z","level":"INFO","loggerName":"Main","threadName":"main","message":"This is an info message from Main class."}
{"timestamp":"2026-09-07T18:48:38.151255Z","level":"INFO","loggerName":"Main","threadName":"main","message":"This is an info message from Main class."}
{"timestamp":"2026-09-07T18:48:39.503207Z","level":"INFO","loggerName":"Main","threadName":"main","message":"This is an info message from Main class."}
{"timestamp":"2026-09-07T18:52:39.584741Z","level":"INFO","loggerName":"Main","threadName":"main","message":"This is an info message from Main class.{}"}
{"timestamp":"2026-09-07T18:53:05.838601Z","level":"INFO","loggerName":"Main","threadName":"main","message":"This is an info message from Main class.Additional Info"}
{"timestamp":"2026-09-07T18:53:35.431271Z","level":"INFO","loggerName":"Main","threadName":"main","message":"This is an info message from Main class. Additional Info"}
{"timestamp":"2026-09-07T18:53:35.434655Z","level":"ERROR","loggerName":"Main","threadName":"main","message":"This is an error message from Main class. Error Details"}
{"timestamp":"2026-09-07T19:02:13.632806Z","level":"INFO","loggerName":"Main","threadName":"main","message":"This is an info message from Main class. Additional Info"}
{"timestamp":"2026-09-07T19:02:56.044285Z","level":"INFO","loggerName":"Main","threadName":"main","message":"This is an info message from Main class. Additional Info"}
{"timestamp":"2026-09-07T19:04:20.191Z","level":"INFO","loggerName":"Main","threadName":"main","message":"This is an info message from Main class. Additional Info"}
{"timestamp":"2026-09-07T19:05:12.464576Z","level":"INFO","loggerName":"Main","threadName":"main","message":"This is an info message from Main class. Additional Info"}
{"timestamp":"2026-09-07T19:05:38.863772Z","level":"INFO","loggerName":"Main","threadName":"main","message":"This is an info message from Main class. Additional Info"}
{"timestamp":"2026-09-07T19:05:38.866608Z","level":"ERROR","loggerName":"Main","threadName":"main","message":"An exception occurred: / by zero","throwable":"java.lang.ArithmeticException: / by zero"}
{"timestamp":"2026-09-07T19:08:22.919734Z","level":"INFO","loggerName":"Main","threadName":"main","message":"This is an info message from Main class. Additional Info"}
{"timestamp":"2026-09-07T19:08:22.923410Z","level":"ERROR","loggerName":"Main","threadName":"main","message":"An exception occurred: / by zero","throwable":"java.lang.ArithmeticException: / by zero"}
{"timestamp":"2026-09-07T19:11:34.449039Z","level":"INFO","logger":"Main","thread":"main","message":"This is an info message from Main class. Additional Info"}
{"timestamp":"2026-09-07T19:11:34.451592Z","level":"ERROR","logger":"Main","thread":"main","message":"An exception occurred: / by zero","exception":{"type":"java.lang.ArithmeticException","message":"/ by zero","stackTrace":"java.lang.ArithmeticException: / by zero\n\tat Main.main(Main.java:24)\n"}}
{"timestamp":"2026-09-08T16:54:48.123726Z","level":"INFO","logger":"Main","thread":"main","message":"This is an info message from Main class. Additional Info"}
{"timestamp":"2026-09-08T16:54:48.130056Z","level":"ERROR","logger":"Main","thread":"main","message":"An exception occurred: / by zero","exception":{"type":"java.lang.ArithmeticException","message":"/ by zero","stackTrace":"java.lang.ArithmeticException: / by zero\n\tat Main.main(Main.java:24)\n"}}
{"timestamp":"2026-09-08T17:07:52.179248Z","level":"INFO","logger":"Main","thread":"main","message":"This is an info message from Main class. Additional Info"}
{"timestamp":"2026-09-08T17:07:52.181891Z","level":"ERROR","logger":"Main","thread":"main","message":"An exception occurred: / by zero","exception":{"type":"java.lang.ArithmeticException","message":"/ by zero","stackTrace":"java.lang.ArithmeticException: / by zero\n\tat Main.main(Main.java:25)\n"}}
{"timestamp":"2026-09-08T17:12:09.676453Z","level":"INFO","logger":"Main","thread":"main","message":"This is an info message from Main class. Additional Info"}
{"timestamp":"2026-09-08T17:14:48.138233Z","level":"ERROR","logger":"Main","thread":"main","message":"An exception occurred: / by zero","exception":{"type":"java.lang.ArithmeticException","message":"/ by zero","stackTrace":"java.lang.ArithmeticException: / by zero\n\tat Main.main(Main.java:25)\n"}}
{"timestamp":"2026-09-08T17:14:51.056041Z","level":"INFO","logger":"Main","thread":"main","message":"This is an info message from Main class. Additional Info"}
{"timestamp":"2026-09-08T17:15:29.873739Z","level":"INFO","logger":"Main","thread":"main","message":"This is an info message from Main class. Additional Info"}
{"timestamp":"2026-09-08T17:18:32.406573Z","level":"INFO","logger":"Main","thread":"main","message":"This is an info message from Main class. Additional Info"}
{"timestamp":"2026-09-08T17:18:32.409983Z","level":"ERROR","logger":"Main","thread":"main","message":"An exception occurred: / by zero","exception":{"type":"java.lang.ArithmeticException","message":"/ by zero","stackTrace":"java.lang.ArithmeticException: / by zero\n\tat Main.main(Main.java:25)\n"}}
{"timestamp":"2026-09-08T17:19:00.641040Z","level":"INFO","logger":"Main","thread":"main","message":"This is an info message from Main class. Additional Info"}
{"timestamp":"2026-09-08T17:19:00.644205Z","level":"ERROR","logger":"Main","thread":"main","message":"An exception occurred: / by zero","exception":{"type":"java.lang.ArithmeticException","message":"/ by zero","stackTrace":"java.lang.ArithmeticException: / by zero\n\tat Main.main(Main.java:25)\n"}}
{"timestamp":"2026-09-08T17:19:11.877408Z","level":"INFO","logger":"Main","thread":"main","message":"This is an info message from Main class. Additional Info"}
{"timestamp":"2026-09-08T17:19:11.879587Z","level":"ERROR","logger":"Main","thread":"main","message":"An exception occurred: / by zero","exception":{"type":"java.lang.ArithmeticException","message":"/ by zero","stackTrace":"java.lang.ArithmeticException: / by zero\n\tat Main.main(Main.java:25)\n"}}
{"timestamp":"2026-09-08T17:24:22.265466Z","level":"INFO","logger":"Main","thread":"main","message":"This is an info message from Main class. Additional Info"}
{"timestamp":"2026-09-08T17:24:22.269003Z","level":"ERROR","logger":"Main","thread":"main","message":"An exception occurred: / by zero","exception":{"type":"java.lang.ArithmeticException","message":"/ by zero","stackTrace":"java.lang.ArithmeticException: / by zero\n\tat Main.main(Main.java:25)\n"}}
{"timestamp":"2026-09-08T17:24:37.837293Z","level":"INFO","logger":"Main","thread":"main","message":"This is an info message from Main class. Additional Info"}
{"timestamp":"2026-09-08T17:24:37.839941Z","level":"ERROR","logger":"Main","thread":"main","message":"An exception occurred: / by zero","exception":{"type":"java.lang.ArithmeticException","message":"/ by zero","stackTrace":"java.lang.ArithmeticException: / by zero\n\tat Main.main(Main.java:25)\n"}}
{"timestamp":"2026-09-08T18:06:12.331550Z","level":"INFO","logger":"Main","thread":"main","message":"This is an info message from Main class. Additional Info"}
{"timestamp":"2026-09-08T18:06:12.335048Z","level":"ERROR","logger":"Main","thread":"main","message":"An exception occurred: / by zero","exception":{"type":"java.lang.ArithmeticException","message":"/ by zero","stackTrace":"java.lang.ArithmeticException: / by zero\n\tat Main.main(Main.java:27)\n"}}
{"timestamp":"2026-09-08T18:32:11.299218Z","level":"INFO","logger":"Main","thread":"main","message":"This is an info message from Main class. Additional Info"}
{"timestamp":"2026-09-08T18:32:11.301765Z","level":"ERROR","logger":"Main","thread":"main","message":"An exception occurred: / by zero","exception":{"type":"java.lang.ArithmeticException","message":"/ by zero","stackTrace":"java.lang.ArithmeticException: / by zero\n\tat Main.main(Main.java:29)\n"}}
